<?xml version="1.0" encoding="ISO-8859-1" ?>
<link_info>
   <banner>TI ARM Linker Unix v20.2.6.LTS</banner>
   <copyright>Copyright (c) 1996-2018 Texas Instruments Incorporated</copyright>
   <link_time>0x641cc844</link_time>
   <link_errors>0x0</link_errors>
   <output_file>Project.out</output_file>
   <entry_point>
      <name>_c_int00_noargs</name>
      <address>0x86c5</address>
   </entry_point>
   <input_file_list>
      <input_file id="fl-1">
         <path>./</path>
         <kind>object</kind>
         <file>arp.obj</file>
         <name>arp.obj</name>
      </input_file>
      <input_file id="fl-2">
         <path>./</path>
         <kind>object</kind>
         <file>clock.obj</file>
         <name>clock.obj</name>
      </input_file>
      <input_file id="fl-3">
         <path>./</path>
         <kind>object</kind>
         <file>eeprom.obj</file>
         <name>eeprom.obj</name>
      </input_file>
      <input_file id="fl-4">
         <path>./</path>
         <kind>object</kind>
         <file>eth0.obj</file>
         <name>eth0.obj</name>
      </input_file>
      <input_file id="fl-5">
         <path>./</path>
         <kind>object</kind>
         <file>ethernet.obj</file>
         <name>ethernet.obj</name>
      </input_file>
      <input_file id="fl-6">
         <path>./</path>
         <kind>object</kind>
         <file>firewall.obj</file>
         <name>firewall.obj</name>
      </input_file>
      <input_file id="fl-7">
         <path>./</path>
         <kind>object</kind>
         <file>gpio.obj</file>
         <name>gpio.obj</name>
      </input_file>
      <input_file id="fl-8">
         <path>./</path>
         <kind>object</kind>
         <file>icmp.obj</file>
         <name>icmp.obj</name>
      </input_file>
      <input_file id="fl-9">
         <path>./</path>
         <kind>object</kind>
         <file>ip.obj</file>
         <name>ip.obj</name>
      </input_file>
      <input_file id="fl-a">
         <path>./</path>
         <kind>object</kind>
         <file>mqtt.obj</file>
         <name>mqtt.obj</name>
      </input_file>
      <input_file id="fl-b">
         <path>./</path>
         <kind>object</kind>
         <file>spi0.obj</file>
         <name>spi0.obj</name>
      </input_file>
      <input_file id="fl-c">
         <path>./</path>
         <kind>object</kind>
         <file>tcp.obj</file>
         <name>tcp.obj</name>
      </input_file>
      <input_file id="fl-d">
         <path>./</path>
         <kind>object</kind>
         <file>timer.obj</file>
         <name>timer.obj</name>
      </input_file>
      <input_file id="fl-e">
         <path>./</path>
         <kind>object</kind>
         <file>tm4c123gh6pm_startup_ccs.obj</file>
         <name>tm4c123gh6pm_startup_ccs.obj</name>
      </input_file>
      <input_file id="fl-f">
         <path>./</path>
         <kind>object</kind>
         <file>uart0.obj</file>
         <name>uart0.obj</name>
      </input_file>
      <input_file id="fl-10">
         <path>./</path>
         <kind>object</kind>
         <file>udp.obj</file>
         <name>udp.obj</name>
      </input_file>
      <input_file id="fl-11">
         <path>./</path>
         <kind>object</kind>
         <file>wait.obj</file>
         <name>wait.obj</name>
      </input_file>
      <input_file id="fl-15">
         <kind>object</kind>
         <file>&lt;internal&gt;</file>
         <name>&lt;internal&gt;</name>
      </input_file>
      <input_file id="fl-cb">
         <path>/Applications/ti/ccs1200/ccs/tools/compiler/ti-cgt-arm_20.2.6.LTS/lib/</path>
         <kind>archive</kind>
         <file>rtsv7M4_T_le_v4SPD16_eabi.lib</file>
         <name>snprintf.c.obj</name>
      </input_file>
      <input_file id="fl-cc">
         <path>/Applications/ti/ccs1200/ccs/tools/compiler/ti-cgt-arm_20.2.6.LTS/lib/</path>
         <kind>archive</kind>
         <file>rtsv7M4_T_le_v4SPD16_eabi.lib</file>
         <name>sprintf.c.obj</name>
      </input_file>
      <input_file id="fl-cd">
         <path>/Applications/ti/ccs1200/ccs/tools/compiler/ti-cgt-arm_20.2.6.LTS/lib/</path>
         <kind>archive</kind>
         <file>rtsv7M4_T_le_v4SPD16_eabi.lib</file>
         <name>sscanf.c.obj</name>
      </input_file>
      <input_file id="fl-ce">
         <path>/Applications/ti/ccs1200/ccs/tools/compiler/ti-cgt-arm_20.2.6.LTS/lib/</path>
         <kind>archive</kind>
         <file>rtsv7M4_T_le_v4SPD16_eabi.lib</file>
         <name>memcpy_t2.asm.obj</name>
      </input_file>
      <input_file id="fl-cf">
         <path>/Applications/ti/ccs1200/ccs/tools/compiler/ti-cgt-arm_20.2.6.LTS/lib/</path>
         <kind>archive</kind>
         <file>rtsv7M4_T_le_v4SPD16_eabi.lib</file>
         <name>copy_zero_init.c.obj</name>
      </input_file>
      <input_file id="fl-d0">
         <path>/Applications/ti/ccs1200/ccs/tools/compiler/ti-cgt-arm_20.2.6.LTS/lib/</path>
         <kind>archive</kind>
         <file>rtsv7M4_T_le_v4SPD16_eabi.lib</file>
         <name>copy_decompress_none.c.obj</name>
      </input_file>
      <input_file id="fl-d1">
         <path>/Applications/ti/ccs1200/ccs/tools/compiler/ti-cgt-arm_20.2.6.LTS/lib/</path>
         <kind>archive</kind>
         <file>rtsv7M4_T_le_v4SPD16_eabi.lib</file>
         <name>copy_decompress_lzss.c.obj</name>
      </input_file>
      <input_file id="fl-d2">
         <path>/Applications/ti/ccs1200/ccs/tools/compiler/ti-cgt-arm_20.2.6.LTS/lib/</path>
         <kind>archive</kind>
         <file>rtsv7M4_T_le_v4SPD16_eabi.lib</file>
         <name>ctype.c.obj</name>
      </input_file>
      <input_file id="fl-d3">
         <path>/Applications/ti/ccs1200/ccs/tools/compiler/ti-cgt-arm_20.2.6.LTS/lib/</path>
         <kind>archive</kind>
         <file>rtsv7M4_T_le_v4SPD16_eabi.lib</file>
         <name>strcat.c.obj</name>
      </input_file>
      <input_file id="fl-d4">
         <path>/Applications/ti/ccs1200/ccs/tools/compiler/ti-cgt-arm_20.2.6.LTS/lib/</path>
         <kind>archive</kind>
         <file>rtsv7M4_T_le_v4SPD16_eabi.lib</file>
         <name>strcmp.c.obj</name>
      </input_file>
      <input_file id="fl-d5">
         <path>/Applications/ti/ccs1200/ccs/tools/compiler/ti-cgt-arm_20.2.6.LTS/lib/</path>
         <kind>archive</kind>
         <file>rtsv7M4_T_le_v4SPD16_eabi.lib</file>
         <name>strcpy.c.obj</name>
      </input_file>
      <input_file id="fl-d6">
         <path>/Applications/ti/ccs1200/ccs/tools/compiler/ti-cgt-arm_20.2.6.LTS/lib/</path>
         <kind>archive</kind>
         <file>rtsv7M4_T_le_v4SPD16_eabi.lib</file>
         <name>strlen.c.obj</name>
      </input_file>
      <input_file id="fl-d7">
         <path>/Applications/ti/ccs1200/ccs/tools/compiler/ti-cgt-arm_20.2.6.LTS/lib/</path>
         <kind>archive</kind>
         <file>rtsv7M4_T_le_v4SPD16_eabi.lib</file>
         <name>strncmp.c.obj</name>
      </input_file>
      <input_file id="fl-d8">
         <path>/Applications/ti/ccs1200/ccs/tools/compiler/ti-cgt-arm_20.2.6.LTS/lib/</path>
         <kind>archive</kind>
         <file>rtsv7M4_T_le_v4SPD16_eabi.lib</file>
         <name>strncpy.c.obj</name>
      </input_file>
      <input_file id="fl-d9">
         <path>/Applications/ti/ccs1200/ccs/tools/compiler/ti-cgt-arm_20.2.6.LTS/lib/</path>
         <kind>archive</kind>
         <file>rtsv7M4_T_le_v4SPD16_eabi.lib</file>
         <name>strtok.c.obj</name>
      </input_file>
      <input_file id="fl-da">
         <path>/Applications/ti/ccs1200/ccs/tools/compiler/ti-cgt-arm_20.2.6.LTS/lib/</path>
         <kind>archive</kind>
         <file>rtsv7M4_T_le_v4SPD16_eabi.lib</file>
         <name>tolower.c.obj</name>
      </input_file>
      <input_file id="fl-db">
         <path>/Applications/ti/ccs1200/ccs/tools/compiler/ti-cgt-arm_20.2.6.LTS/lib/</path>
         <kind>archive</kind>
         <file>rtsv7M4_T_le_v4SPD16_eabi.lib</file>
         <name>boot_cortex_m.c.obj</name>
      </input_file>
      <input_file id="fl-dc">
         <path>/Applications/ti/ccs1200/ccs/tools/compiler/ti-cgt-arm_20.2.6.LTS/lib/</path>
         <kind>archive</kind>
         <file>rtsv7M4_T_le_v4SPD16_eabi.lib</file>
         <name>_printfi.c.obj</name>
      </input_file>
      <input_file id="fl-dd">
         <path>/Applications/ti/ccs1200/ccs/tools/compiler/ti-cgt-arm_20.2.6.LTS/lib/</path>
         <kind>archive</kind>
         <file>rtsv7M4_T_le_v4SPD16_eabi.lib</file>
         <name>_scanfi.c.obj</name>
      </input_file>
      <input_file id="fl-de">
         <path>/Applications/ti/ccs1200/ccs/tools/compiler/ti-cgt-arm_20.2.6.LTS/lib/</path>
         <kind>archive</kind>
         <file>rtsv7M4_T_le_v4SPD16_eabi.lib</file>
         <name>fd_add_t2.asm.obj</name>
      </input_file>
      <input_file id="fl-df">
         <path>/Applications/ti/ccs1200/ccs/tools/compiler/ti-cgt-arm_20.2.6.LTS/lib/</path>
         <kind>archive</kind>
         <file>rtsv7M4_T_le_v4SPD16_eabi.lib</file>
         <name>fd_cmp_t2.asm.obj</name>
      </input_file>
      <input_file id="fl-e0">
         <path>/Applications/ti/ccs1200/ccs/tools/compiler/ti-cgt-arm_20.2.6.LTS/lib/</path>
         <kind>archive</kind>
         <file>rtsv7M4_T_le_v4SPD16_eabi.lib</file>
         <name>fd_div_t2.asm.obj</name>
      </input_file>
      <input_file id="fl-e1">
         <path>/Applications/ti/ccs1200/ccs/tools/compiler/ti-cgt-arm_20.2.6.LTS/lib/</path>
         <kind>archive</kind>
         <file>rtsv7M4_T_le_v4SPD16_eabi.lib</file>
         <name>fd_mul_t2.asm.obj</name>
      </input_file>
      <input_file id="fl-e2">
         <path>/Applications/ti/ccs1200/ccs/tools/compiler/ti-cgt-arm_20.2.6.LTS/lib/</path>
         <kind>archive</kind>
         <file>rtsv7M4_T_le_v4SPD16_eabi.lib</file>
         <name>fd_toi_t2.asm.obj</name>
      </input_file>
      <input_file id="fl-e3">
         <path>/Applications/ti/ccs1200/ccs/tools/compiler/ti-cgt-arm_20.2.6.LTS/lib/</path>
         <kind>archive</kind>
         <file>rtsv7M4_T_le_v4SPD16_eabi.lib</file>
         <name>fd_tos_t2.asm.obj</name>
      </input_file>
      <input_file id="fl-e4">
         <path>/Applications/ti/ccs1200/ccs/tools/compiler/ti-cgt-arm_20.2.6.LTS/lib/</path>
         <kind>archive</kind>
         <file>rtsv7M4_T_le_v4SPD16_eabi.lib</file>
         <name>i_tofd_t2.asm.obj</name>
      </input_file>
      <input_file id="fl-e5">
         <path>/Applications/ti/ccs1200/ccs/tools/compiler/ti-cgt-arm_20.2.6.LTS/lib/</path>
         <kind>archive</kind>
         <file>rtsv7M4_T_le_v4SPD16_eabi.lib</file>
         <name>memset_t2.asm.obj</name>
      </input_file>
      <input_file id="fl-e6">
         <path>/Applications/ti/ccs1200/ccs/tools/compiler/ti-cgt-arm_20.2.6.LTS/lib/</path>
         <kind>archive</kind>
         <file>rtsv7M4_T_le_v4SPD16_eabi.lib</file>
         <name>ull_div_t2.asm.obj</name>
      </input_file>
      <input_file id="fl-e7">
         <path>/Applications/ti/ccs1200/ccs/tools/compiler/ti-cgt-arm_20.2.6.LTS/lib/</path>
         <kind>archive</kind>
         <file>rtsv7M4_T_le_v4SPD16_eabi.lib</file>
         <name>autoinit.c.obj</name>
      </input_file>
      <input_file id="fl-e8">
         <path>/Applications/ti/ccs1200/ccs/tools/compiler/ti-cgt-arm_20.2.6.LTS/lib/</path>
         <kind>archive</kind>
         <file>rtsv7M4_T_le_v4SPD16_eabi.lib</file>
         <name>pre_init.c.obj</name>
      </input_file>
      <input_file id="fl-e9">
         <path>/Applications/ti/ccs1200/ccs/tools/compiler/ti-cgt-arm_20.2.6.LTS/lib/</path>
         <kind>archive</kind>
         <file>rtsv7M4_T_le_v4SPD16_eabi.lib</file>
         <name>cpy_tbl.c.obj</name>
      </input_file>
      <input_file id="fl-ea">
         <path>/Applications/ti/ccs1200/ccs/tools/compiler/ti-cgt-arm_20.2.6.LTS/lib/</path>
         <kind>archive</kind>
         <file>rtsv7M4_T_le_v4SPD16_eabi.lib</file>
         <name>exit.c.obj</name>
      </input_file>
      <input_file id="fl-eb">
         <path>/Applications/ti/ccs1200/ccs/tools/compiler/ti-cgt-arm_20.2.6.LTS/lib/</path>
         <kind>archive</kind>
         <file>rtsv7M4_T_le_v4SPD16_eabi.lib</file>
         <name>_lock.c.obj</name>
      </input_file>
      <input_file id="fl-ec">
         <path>/Applications/ti/ccs1200/ccs/tools/compiler/ti-cgt-arm_20.2.6.LTS/lib/</path>
         <kind>archive</kind>
         <file>rtsv7M4_T_le_v4SPD16_eabi.lib</file>
         <name>_ltoa.c.obj</name>
      </input_file>
      <input_file id="fl-ed">
         <path>/Applications/ti/ccs1200/ccs/tools/compiler/ti-cgt-arm_20.2.6.LTS/lib/</path>
         <kind>archive</kind>
         <file>rtsv7M4_T_le_v4SPD16_eabi.lib</file>
         <name>args_main.c.obj</name>
      </input_file>
      <input_file id="fl-ee">
         <path>/Applications/ti/ccs1200/ccs/tools/compiler/ti-cgt-arm_20.2.6.LTS/lib/</path>
         <kind>archive</kind>
         <file>rtsv7M4_T_le_v4SPD16_eabi.lib</file>
         <name>atoi.c.obj</name>
      </input_file>
      <input_file id="fl-ef">
         <path>/Applications/ti/ccs1200/ccs/tools/compiler/ti-cgt-arm_20.2.6.LTS/lib/</path>
         <kind>archive</kind>
         <file>rtsv7M4_T_le_v4SPD16_eabi.lib</file>
         <name>memccpy.c.obj</name>
      </input_file>
      <input_file id="fl-f0">
         <path>/Applications/ti/ccs1200/ccs/tools/compiler/ti-cgt-arm_20.2.6.LTS/lib/</path>
         <kind>archive</kind>
         <file>rtsv7M4_T_le_v4SPD16_eabi.lib</file>
         <name>strchr.c.obj</name>
      </input_file>
      <input_file id="fl-f1">
         <path>/Applications/ti/ccs1200/ccs/tools/compiler/ti-cgt-arm_20.2.6.LTS/lib/</path>
         <kind>archive</kind>
         <file>rtsv7M4_T_le_v4SPD16_eabi.lib</file>
         <name>strcspn.c.obj</name>
      </input_file>
      <input_file id="fl-f2">
         <path>/Applications/ti/ccs1200/ccs/tools/compiler/ti-cgt-arm_20.2.6.LTS/lib/</path>
         <kind>archive</kind>
         <file>rtsv7M4_T_le_v4SPD16_eabi.lib</file>
         <name>strrchr.c.obj</name>
      </input_file>
      <input_file id="fl-f3">
         <path>/Applications/ti/ccs1200/ccs/tools/compiler/ti-cgt-arm_20.2.6.LTS/lib/</path>
         <kind>archive</kind>
         <file>rtsv7M4_T_le_v4SPD16_eabi.lib</file>
         <name>strspn.c.obj</name>
      </input_file>
      <input_file id="fl-f4">
         <path>/Applications/ti/ccs1200/ccs/tools/compiler/ti-cgt-arm_20.2.6.LTS/lib/</path>
         <kind>archive</kind>
         <file>rtsv7M4_T_le_v4SPD16_eabi.lib</file>
         <name>strtod.c.obj</name>
      </input_file>
      <input_file id="fl-f5">
         <path>/Applications/ti/ccs1200/ccs/tools/compiler/ti-cgt-arm_20.2.6.LTS/lib/</path>
         <kind>archive</kind>
         <file>rtsv7M4_T_le_v4SPD16_eabi.lib</file>
         <name>strtol.c.obj</name>
      </input_file>
      <input_file id="fl-f6">
         <path>/Applications/ti/ccs1200/ccs/tools/compiler/ti-cgt-arm_20.2.6.LTS/lib/</path>
         <kind>archive</kind>
         <file>rtsv7M4_T_le_v4SPD16_eabi.lib</file>
         <name>strtoll.c.obj</name>
      </input_file>
      <input_file id="fl-f7">
         <path>/Applications/ti/ccs1200/ccs/tools/compiler/ti-cgt-arm_20.2.6.LTS/lib/</path>
         <kind>archive</kind>
         <file>rtsv7M4_T_le_v4SPD16_eabi.lib</file>
         <name>strtoul.c.obj</name>
      </input_file>
      <input_file id="fl-f8">
         <path>/Applications/ti/ccs1200/ccs/tools/compiler/ti-cgt-arm_20.2.6.LTS/lib/</path>
         <kind>archive</kind>
         <file>rtsv7M4_T_le_v4SPD16_eabi.lib</file>
         <name>strtoull.c.obj</name>
      </input_file>
      <input_file id="fl-f9">
         <path>/Applications/ti/ccs1200/ccs/tools/compiler/ti-cgt-arm_20.2.6.LTS/lib/</path>
         <kind>archive</kind>
         <file>rtsv7M4_T_le_v4SPD16_eabi.lib</file>
         <name>errno.c.obj</name>
      </input_file>
      <input_file id="fl-fa">
         <path>/Applications/ti/ccs1200/ccs/tools/compiler/ti-cgt-arm_20.2.6.LTS/lib/</path>
         <kind>archive</kind>
         <file>rtsv7M4_T_le_v4SPD16_eabi.lib</file>
         <name>s_frexp.c.obj</name>
      </input_file>
      <input_file id="fl-fb">
         <path>/Applications/ti/ccs1200/ccs/tools/compiler/ti-cgt-arm_20.2.6.LTS/lib/</path>
         <kind>archive</kind>
         <file>rtsv7M4_T_le_v4SPD16_eabi.lib</file>
         <name>s_scalbn.c.obj</name>
      </input_file>
      <input_file id="fl-fc">
         <path>/Applications/ti/ccs1200/ccs/tools/compiler/ti-cgt-arm_20.2.6.LTS/lib/</path>
         <kind>archive</kind>
         <file>rtsv7M4_T_le_v4SPD16_eabi.lib</file>
         <name>s_copysign.c.obj</name>
      </input_file>
      <input_file id="fl-fd">
         <path>/Applications/ti/ccs1200/ccs/tools/compiler/ti-cgt-arm_20.2.6.LTS/lib/</path>
         <kind>archive</kind>
         <file>rtsv7M4_T_le_v4SPD16_eabi.lib</file>
         <name>wcslen.c.obj</name>
      </input_file>
      <input_file id="fl-fe">
         <path>/Applications/ti/ccs1200/ccs/tools/compiler/ti-cgt-arm_20.2.6.LTS/lib/</path>
         <kind>archive</kind>
         <file>rtsv7M4_T_le_v4SPD16_eabi.lib</file>
         <name>div0.asm.obj</name>
      </input_file>
      <input_file id="fl-ff">
         <path>/Applications/ti/ccs1200/ccs/tools/compiler/ti-cgt-arm_20.2.6.LTS/lib/</path>
         <kind>archive</kind>
         <file>rtsv7M4_T_le_v4SPD16_eabi.lib</file>
         <name>ll_mul_t2.asm.obj</name>
      </input_file>
   </input_file_list>
   <object_component_list>
      <object_component id="oc-12">
         <name>.intvecs</name>
         <load_address>0x0</load_address>
         <run_address>0x0</run_address>
         <size>0x26c</size>
         <input_file_ref idref="fl-e"/>
      </object_component>
      <object_component id="oc-148">
         <name>.text</name>
         <load_address>0x26c</load_address>
         <run_address>0x26c</run_address>
         <size>0x1772</size>
         <input_file_ref idref="fl-a"/>
      </object_component>
      <object_component id="oc-45d">
         <name>.text</name>
         <load_address>0x19de</load_address>
         <run_address>0x19de</run_address>
         <size>0x2</size>
         <input_file_ref idref="fl-fe"/>
      </object_component>
      <object_component id="oc-b2">
         <name>.text</name>
         <load_address>0x19e0</load_address>
         <run_address>0x19e0</run_address>
         <size>0x106c</size>
         <input_file_ref idref="fl-5"/>
      </object_component>
      <object_component id="oc-235">
         <name>.text:__TI_scanfi</name>
         <load_address>0x2a4c</load_address>
         <run_address>0x2a4c</run_address>
         <size>0xb14</size>
         <input_file_ref idref="fl-dd"/>
      </object_component>
      <object_component id="oc-1ed">
         <name>.text:__TI_printfi</name>
         <load_address>0x3560</load_address>
         <run_address>0x3560</run_address>
         <size>0xa4e</size>
         <input_file_ref idref="fl-dc"/>
      </object_component>
      <object_component id="oc-e4">
         <name>.text</name>
         <load_address>0x3fb0</load_address>
         <run_address>0x3fb0</run_address>
         <size>0x808</size>
         <input_file_ref idref="fl-7"/>
      </object_component>
      <object_component id="oc-10c">
         <name>.text</name>
         <load_address>0x47b8</load_address>
         <run_address>0x47b8</run_address>
         <size>0x714</size>
         <input_file_ref idref="fl-4"/>
      </object_component>
      <object_component id="oc-142">
         <name>.text</name>
         <load_address>0x4ecc</load_address>
         <run_address>0x4ecc</run_address>
         <size>0x5c8</size>
         <input_file_ref idref="fl-c"/>
      </object_component>
      <object_component id="oc-f0">
         <name>.text</name>
         <load_address>0x5494</load_address>
         <run_address>0x5494</run_address>
         <size>0x4ac</size>
         <input_file_ref idref="fl-9"/>
      </object_component>
      <object_component id="oc-326">
         <name>.text:strtod</name>
         <load_address>0x5940</load_address>
         <run_address>0x5940</run_address>
         <size>0x460</size>
         <input_file_ref idref="fl-f4"/>
      </object_component>
      <object_component id="oc-163">
         <name>.text</name>
         <load_address>0x5da0</load_address>
         <run_address>0x5da0</run_address>
         <size>0x378</size>
         <input_file_ref idref="fl-10"/>
      </object_component>
      <object_component id="oc-2d">
         <name>.text</name>
         <load_address>0x6118</load_address>
         <run_address>0x6118</run_address>
         <size>0x338</size>
         <input_file_ref idref="fl-d"/>
      </object_component>
      <object_component id="oc-13c">
         <name>.text</name>
         <load_address>0x6450</load_address>
         <run_address>0x6450</run_address>
         <size>0x2f4</size>
         <input_file_ref idref="fl-1"/>
      </object_component>
      <object_component id="oc-2e2">
         <name>.text:_pconv_a</name>
         <load_address>0x6744</load_address>
         <run_address>0x6744</run_address>
         <size>0x270</size>
         <input_file_ref idref="fl-dc"/>
      </object_component>
      <object_component id="oc-337">
         <name>.text:strtoll</name>
         <load_address>0x69b4</load_address>
         <run_address>0x69b4</run_address>
         <size>0x1dc</size>
         <input_file_ref idref="fl-f6"/>
      </object_component>
      <object_component id="oc-2d0">
         <name>.text:_pconv_g</name>
         <load_address>0x6b90</load_address>
         <run_address>0x6b90</run_address>
         <size>0x1d0</size>
         <input_file_ref idref="fl-dc"/>
      </object_component>
      <object_component id="oc-3db">
         <name>.text</name>
         <load_address>0x6d60</load_address>
         <run_address>0x6d60</run_address>
         <size>0x1b6</size>
         <input_file_ref idref="fl-de"/>
      </object_component>
      <object_component id="oc-217">
         <name>.text</name>
         <load_address>0x6f18</load_address>
         <run_address>0x6f18</run_address>
         <size>0x160</size>
         <input_file_ref idref="fl-b"/>
      </object_component>
      <object_component id="oc-31a">
         <name>.text:strtoull</name>
         <load_address>0x7078</load_address>
         <run_address>0x7078</run_address>
         <size>0x15c</size>
         <input_file_ref idref="fl-f8"/>
      </object_component>
      <object_component id="oc-157">
         <name>.text</name>
         <load_address>0x71d4</load_address>
         <run_address>0x71d4</run_address>
         <size>0x154</size>
         <input_file_ref idref="fl-8"/>
      </object_component>
      <object_component id="oc-15d">
         <name>.text</name>
         <load_address>0x7328</load_address>
         <run_address>0x7328</run_address>
         <size>0x140</size>
         <input_file_ref idref="fl-6"/>
      </object_component>
      <object_component id="oc-2dc">
         <name>.text:_pconv_e</name>
         <load_address>0x7468</load_address>
         <run_address>0x7468</run_address>
         <size>0x13c</size>
         <input_file_ref idref="fl-dc"/>
      </object_component>
      <object_component id="oc-3c1">
         <name>.text</name>
         <load_address>0x75a4</load_address>
         <run_address>0x75a4</run_address>
         <size>0x136</size>
         <input_file_ref idref="fl-e0"/>
      </object_component>
      <object_component id="oc-331">
         <name>.text:strtol</name>
         <load_address>0x76dc</load_address>
         <run_address>0x76dc</run_address>
         <size>0x130</size>
         <input_file_ref idref="fl-f5"/>
      </object_component>
      <object_component id="oc-ea">
         <name>.text</name>
         <load_address>0x780c</load_address>
         <run_address>0x780c</run_address>
         <size>0x128</size>
         <input_file_ref idref="fl-f"/>
      </object_component>
      <object_component id="oc-3ed">
         <name>.text:fcvt</name>
         <load_address>0x7934</load_address>
         <run_address>0x7934</run_address>
         <size>0x124</size>
         <input_file_ref idref="fl-dc"/>
      </object_component>
      <object_component id="oc-401">
         <name>.text:scalbn</name>
         <load_address>0x7a58</load_address>
         <run_address>0x7a58</run_address>
         <size>0x110</size>
         <input_file_ref idref="fl-fb"/>
      </object_component>
      <object_component id="oc-320">
         <name>.text:strtoul</name>
         <load_address>0x7b68</load_address>
         <run_address>0x7b68</run_address>
         <size>0x110</size>
         <input_file_ref idref="fl-f7"/>
      </object_component>
      <object_component id="oc-3bc">
         <name>.text</name>
         <load_address>0x7c78</load_address>
         <run_address>0x7c78</run_address>
         <size>0xfc</size>
         <input_file_ref idref="fl-e1"/>
      </object_component>
      <object_component id="oc-2c5">
         <name>.text:_ltostr</name>
         <load_address>0x7d74</load_address>
         <run_address>0x7d74</run_address>
         <size>0xb1</size>
         <input_file_ref idref="fl-dc"/>
      </object_component>
      <object_component id="oc-41">
         <name>.text</name>
         <load_address>0x7e26</load_address>
         <run_address>0x7e26</run_address>
         <size>0x9c</size>
         <input_file_ref idref="fl-ce"/>
      </object_component>
      <object_component id="oc-3b5">
         <name>.text</name>
         <load_address>0x7ec2</load_address>
         <run_address>0x7ec2</run_address>
         <size>0x96</size>
         <input_file_ref idref="fl-e6"/>
      </object_component>
      <object_component id="oc-2cb">
         <name>.text:__aeabi_cdcmple</name>
         <load_address>0x7f58</load_address>
         <run_address>0x7f58</run_address>
         <size>0x86</size>
         <input_file_ref idref="fl-df"/>
      </object_component>
      <object_component id="oc-3c6">
         <name>.text:__aeabi_cdrcmple</name>
         <load_address>0x7fde</load_address>
         <run_address>0x7fde</run_address>
         <size>0x86</size>
         <input_file_ref idref="fl-df"/>
      </object_component>
      <object_component id="oc-118">
         <name>.text</name>
         <load_address>0x8064</load_address>
         <run_address>0x8064</run_address>
         <size>0x84</size>
         <input_file_ref idref="fl-3"/>
      </object_component>
      <object_component id="oc-a6">
         <name>.text</name>
         <load_address>0x80e8</load_address>
         <run_address>0x80e8</run_address>
         <size>0x7a</size>
         <input_file_ref idref="fl-e5"/>
      </object_component>
      <object_component id="oc-3e6">
         <name>.text:_mcpy</name>
         <load_address>0x8162</load_address>
         <run_address>0x8162</run_address>
         <size>0x6e</size>
         <input_file_ref idref="fl-dc"/>
      </object_component>
      <object_component id="oc-32c">
         <name>.text</name>
         <load_address>0x81d0</load_address>
         <run_address>0x81d0</run_address>
         <size>0x6e</size>
         <input_file_ref idref="fl-e3"/>
      </object_component>
      <object_component id="oc-247">
         <name>.text:_chkmbc</name>
         <load_address>0x8240</load_address>
         <run_address>0x8240</run_address>
         <size>0x68</size>
         <input_file_ref idref="fl-cd"/>
      </object_component>
      <object_component id="oc-15">
         <name>.text:decompress:lzss:__TI_decompress_lzss</name>
         <load_address>0x82a8</load_address>
         <run_address>0x82a8</run_address>
         <size>0x68</size>
         <input_file_ref idref="fl-d1"/>
      </object_component>
      <object_component id="oc-3fb">
         <name>.text:frexp</name>
         <load_address>0x8310</load_address>
         <run_address>0x8310</run_address>
         <size>0x64</size>
         <input_file_ref idref="fl-fa"/>
      </object_component>
      <object_component id="oc-2d6">
         <name>.text:_pconv_f</name>
         <load_address>0x8374</load_address>
         <run_address>0x8374</run_address>
         <size>0x56</size>
         <input_file_ref idref="fl-dc"/>
      </object_component>
      <object_component id="oc-3d0">
         <name>.text:__TI_ltoa</name>
         <load_address>0x83ca</load_address>
         <run_address>0x83ca</run_address>
         <size>0x54</size>
         <input_file_ref idref="fl-ec"/>
      </object_component>
      <object_component id="oc-3e0">
         <name>.text:_ecpy</name>
         <load_address>0x841e</load_address>
         <run_address>0x841e</run_address>
         <size>0x52</size>
         <input_file_ref idref="fl-dc"/>
      </object_component>
      <object_component id="oc-2bf">
         <name>.text:atoi</name>
         <load_address>0x8470</load_address>
         <run_address>0x8470</run_address>
         <size>0x4c</size>
         <input_file_ref idref="fl-ee"/>
      </object_component>
      <object_component id="oc-f6">
         <name>.text:snprintf</name>
         <load_address>0x84bc</load_address>
         <run_address>0x84bc</run_address>
         <size>0x4c</size>
         <input_file_ref idref="fl-cb"/>
      </object_component>
      <object_component id="oc-3cb">
         <name>.text</name>
         <load_address>0x8508</load_address>
         <run_address>0x8508</run_address>
         <size>0x48</size>
         <input_file_ref idref="fl-e2"/>
      </object_component>
      <object_component id="oc-179">
         <name>.text:__TI_auto_init_nobinit_nopinit:__TI_auto_init_nobinit_nopinit</name>
         <load_address>0x8550</load_address>
         <run_address>0x8550</run_address>
         <size>0x44</size>
         <input_file_ref idref="fl-e7"/>
      </object_component>
      <object_component id="oc-272">
         <name>.text:sprintf</name>
         <load_address>0x8594</load_address>
         <run_address>0x8594</run_address>
         <size>0x40</size>
         <input_file_ref idref="fl-cc"/>
      </object_component>
      <object_component id="oc-12a">
         <name>.text:strtok</name>
         <load_address>0x85d4</load_address>
         <run_address>0x85d4</run_address>
         <size>0x40</size>
         <input_file_ref idref="fl-d9"/>
      </object_component>
      <object_component id="oc-3f3">
         <name>.text:_fcpy</name>
         <load_address>0x8614</load_address>
         <run_address>0x8614</run_address>
         <size>0x3e</size>
         <input_file_ref idref="fl-dc"/>
      </object_component>
      <object_component id="oc-124">
         <name>.text:sscanf</name>
         <load_address>0x8654</load_address>
         <run_address>0x8654</run_address>
         <size>0x38</size>
         <input_file_ref idref="fl-cd"/>
      </object_component>
      <object_component id="oc-26c">
         <name>.text:strncpy</name>
         <load_address>0x868c</load_address>
         <run_address>0x868c</run_address>
         <size>0x36</size>
         <input_file_ref idref="fl-d8"/>
      </object_component>
      <object_component id="oc-5f">
         <name>.text:_c_int00_noargs:_c_int00_noargs</name>
         <load_address>0x86c4</load_address>
         <run_address>0x86c4</run_address>
         <size>0x34</size>
         <input_file_ref idref="fl-db"/>
      </object_component>
      <object_component id="oc-1f3">
         <name>.text:_outs</name>
         <load_address>0x86f8</load_address>
         <run_address>0x86f8</run_address>
         <size>0x30</size>
         <input_file_ref idref="fl-cb"/>
      </object_component>
      <object_component id="oc-3d6">
         <name>.text</name>
         <load_address>0x8728</load_address>
         <run_address>0x8728</run_address>
         <size>0x2e</size>
         <input_file_ref idref="fl-e4"/>
      </object_component>
      <object_component id="oc-283">
         <name>.text:strncmp</name>
         <load_address>0x8756</load_address>
         <run_address>0x8756</run_address>
         <size>0x2c</size>
         <input_file_ref idref="fl-d7"/>
      </object_component>
      <object_component id="oc-24f">
         <name>.text:strspn</name>
         <load_address>0x8782</load_address>
         <run_address>0x8782</run_address>
         <size>0x2a</size>
         <input_file_ref idref="fl-f3"/>
      </object_component>
      <object_component id="oc-255">
         <name>.text:strcspn</name>
         <load_address>0x87ac</load_address>
         <run_address>0x87ac</run_address>
         <size>0x24</size>
         <input_file_ref idref="fl-f1"/>
      </object_component>
      <object_component id="oc-151">
         <name>.text</name>
         <load_address>0x87d0</load_address>
         <run_address>0x87d0</run_address>
         <size>0x24</size>
         <input_file_ref idref="fl-11"/>
      </object_component>
      <object_component id="oc-102">
         <name>.text:strcat</name>
         <load_address>0x87f4</load_address>
         <run_address>0x87f4</run_address>
         <size>0x1e</size>
         <input_file_ref idref="fl-d3"/>
      </object_component>
      <object_component id="oc-2e8">
         <name>.text:memccpy</name>
         <load_address>0x8812</load_address>
         <run_address>0x8812</run_address>
         <size>0x1c</size>
         <input_file_ref idref="fl-ef"/>
      </object_component>
      <object_component id="oc-476">
         <name>.text:copysign</name>
         <load_address>0x882e</load_address>
         <run_address>0x882e</run_address>
         <size>0x1a</size>
         <input_file_ref idref="fl-fc"/>
      </object_component>
      <object_component id="oc-1f9">
         <name>.text:_outc</name>
         <load_address>0x8848</load_address>
         <run_address>0x8848</run_address>
         <size>0x18</size>
         <input_file_ref idref="fl-cb"/>
      </object_component>
      <object_component id="oc-36c">
         <name>.text:_outs</name>
         <load_address>0x8860</load_address>
         <run_address>0x8860</run_address>
         <size>0x18</size>
         <input_file_ref idref="fl-cc"/>
      </object_component>
      <object_component id="oc-424">
         <name>.text</name>
         <load_address>0x8878</load_address>
         <run_address>0x8878</run_address>
         <size>0x18</size>
         <input_file_ref idref="fl-ff"/>
      </object_component>
      <object_component id="oc-130">
         <name>.text:strcmp</name>
         <load_address>0x8890</load_address>
         <run_address>0x8890</run_address>
         <size>0x18</size>
         <input_file_ref idref="fl-d4"/>
      </object_component>
      <object_component id="oc-33d">
         <name>.text:strrchr</name>
         <load_address>0x88a8</load_address>
         <run_address>0x88a8</run_address>
         <size>0x18</size>
         <input_file_ref idref="fl-f2"/>
      </object_component>
      <object_component id="oc-343">
         <name>.text:strchr</name>
         <load_address>0x88c0</load_address>
         <run_address>0x88c0</run_address>
         <size>0x16</size>
         <input_file_ref idref="fl-f0"/>
      </object_component>
      <object_component id="oc-fc">
         <name>.text:strcpy</name>
         <load_address>0x88d6</load_address>
         <run_address>0x88d6</run_address>
         <size>0x14</size>
         <input_file_ref idref="fl-d5"/>
      </object_component>
      <object_component id="oc-266">
         <name>.text:strlen</name>
         <load_address>0x88ea</load_address>
         <run_address>0x88ea</run_address>
         <size>0x14</size>
         <input_file_ref idref="fl-d6"/>
      </object_component>
      <object_component id="oc-23b">
         <name>.text:_inpchar</name>
         <load_address>0x88fe</load_address>
         <run_address>0x88fe</run_address>
         <size>0x12</size>
         <input_file_ref idref="fl-cd"/>
      </object_component>
      <object_component id="oc-2ee">
         <name>.text:wcslen</name>
         <load_address>0x8910</load_address>
         <run_address>0x8910</run_address>
         <size>0x12</size>
         <input_file_ref idref="fl-fd"/>
      </object_component>
      <object_component id="oc-de">
         <name>.text</name>
         <load_address>0x8924</load_address>
         <run_address>0x8924</run_address>
         <size>0x10</size>
         <input_file_ref idref="fl-2"/>
      </object_component>
      <object_component id="oc-11e">
         <name>.text:tolower</name>
         <load_address>0x8934</load_address>
         <run_address>0x8934</run_address>
         <size>0x10</size>
         <input_file_ref idref="fl-da"/>
      </object_component>
      <object_component id="oc-1b">
         <name>.text:decompress:none:__TI_decompress_none</name>
         <load_address>0x8944</load_address>
         <run_address>0x8944</run_address>
         <size>0xe</size>
         <input_file_ref idref="fl-d0"/>
      </object_component>
      <object_component id="oc-53">
         <name>.text:decompress:ZI:__TI_zero_init</name>
         <load_address>0x8952</load_address>
         <run_address>0x8952</run_address>
         <size>0xc</size>
         <input_file_ref idref="fl-cf"/>
      </object_component>
      <object_component id="oc-27">
         <name>.text</name>
         <load_address>0x895e</load_address>
         <run_address>0x895e</run_address>
         <size>0xc</size>
         <input_file_ref idref="fl-e"/>
      </object_component>
      <object_component id="oc-372">
         <name>.text:_outc</name>
         <load_address>0x896a</load_address>
         <run_address>0x896a</run_address>
         <size>0xa</size>
         <input_file_ref idref="fl-cc"/>
      </object_component>
      <object_component id="oc-2f4">
         <name>.text:__aeabi_errno_addr</name>
         <load_address>0x8974</load_address>
         <run_address>0x8974</run_address>
         <size>0x8</size>
         <input_file_ref idref="fl-f9"/>
      </object_component>
      <object_component id="oc-241">
         <name>.text:_uninpchar</name>
         <load_address>0x897c</load_address>
         <run_address>0x897c</run_address>
         <size>0x8</size>
         <input_file_ref idref="fl-cd"/>
      </object_component>
      <object_component id="oc-ac">
         <name>.text:_system_pre_init</name>
         <load_address>0x8984</load_address>
         <run_address>0x8984</run_address>
         <size>0x4</size>
         <input_file_ref idref="fl-e8"/>
      </object_component>
      <object_component id="oc-16d">
         <name>.text:abort:abort</name>
         <load_address>0x8988</load_address>
         <run_address>0x8988</run_address>
         <size>0x4</size>
         <input_file_ref idref="fl-ea"/>
      </object_component>
      <object_component id="oc-230">
         <name>.const:.string:_ctypes_</name>
         <load_address>0x8990</load_address>
         <run_address>0x8990</run_address>
         <size>0x101</size>
         <input_file_ref idref="fl-d2"/>
      </object_component>
      <object_component id="oc-278">
         <name>.const:.string:$P$T0$1</name>
         <load_address>0x8a91</load_address>
         <run_address>0x8a91</run_address>
         <size>0x4</size>
         <input_file_ref idref="fl-a"/>
      </object_component>
      <object_component id="oc-42d">
         <name>.const:$O1$$</name>
         <load_address>0x8a98</load_address>
         <run_address>0x8a98</run_address>
         <size>0xc8</size>
         <input_file_ref idref="fl-f4"/>
      </object_component>
      <object_component id="oc-214">
         <name>.const:.string</name>
         <load_address>0x8b60</load_address>
         <run_address>0x8b60</run_address>
         <size>0xb2</size>
         <input_file_ref idref="fl-5"/>
      </object_component>
      <object_component id="oc-349">
         <name>.const:$O1$$</name>
         <load_address>0x8c14</load_address>
         <run_address>0x8c14</run_address>
         <size>0x10</size>
         <input_file_ref idref="fl-dd"/>
      </object_component>
      <object_component id="oc-4d9">
         <name>.cinit..data.load</name>
         <load_address>0x8c28</load_address>
         <run_address>0x8c28</run_address>
         <size>0x5c</size>
      </object_component>
      <object_component id="oc-4d7">
         <name>__TI_handler_table</name>
         <load_address>0x8c84</load_address>
         <run_address>0x8c84</run_address>
         <size>0xc</size>
      </object_component>
      <object_component id="oc-4da">
         <name>.cinit..bss.load</name>
         <load_address>0x8c90</load_address>
         <run_address>0x8c90</run_address>
         <size>0x8</size>
      </object_component>
      <object_component id="oc-4d8">
         <name>__TI_cinit_table</name>
         <load_address>0x8c98</load_address>
         <run_address>0x8c98</run_address>
         <size>0x10</size>
      </object_component>
      <object_component id="oc-21d">
         <name>.data</name>
         <load_address>0x20001794</load_address>
         <run_address>0x20001794</run_address>
         <size>0x3</size>
         <input_file_ref idref="fl-4"/>
      </object_component>
      <object_component id="oc-220">
         <name>.data:hwAddress</name>
         <load_address>0x20001770</load_address>
         <run_address>0x20001770</run_address>
         <size>0x6</size>
         <input_file_ref idref="fl-4"/>
      </object_component>
      <object_component id="oc-115">
         <name>.data</name>
         <load_address>0x20001734</load_address>
         <run_address>0x20001734</run_address>
         <size>0x16</size>
         <input_file_ref idref="fl-5"/>
      </object_component>
      <object_component id="oc-169">
         <name>.data:whitelist</name>
         <load_address>0x2000174a</load_address>
         <run_address>0x2000174a</run_address>
         <size>0x14</size>
         <input_file_ref idref="fl-5"/>
      </object_component>
      <object_component id="oc-108">
         <name>.data:state_names</name>
         <load_address>0x20001708</load_address>
         <run_address>0x20001708</run_address>
         <size>0x2c</size>
         <input_file_ref idref="fl-5"/>
      </object_component>
      <object_component id="oc-112">
         <name>.data:mqtt_state_names</name>
         <load_address>0x20001760</load_address>
         <run_address>0x20001760</run_address>
         <size>0x10</size>
         <input_file_ref idref="fl-5"/>
      </object_component>
      <object_component id="oc-1dc">
         <name>.data:ipAddress</name>
         <load_address>0x20001776</load_address>
         <run_address>0x20001776</run_address>
         <size>0x4</size>
         <input_file_ref idref="fl-9"/>
      </object_component>
      <object_component id="oc-1df">
         <name>.data:ipSubnetMask</name>
         <load_address>0x20001782</load_address>
         <run_address>0x20001782</run_address>
         <size>0x4</size>
         <input_file_ref idref="fl-9"/>
      </object_component>
      <object_component id="oc-1e2">
         <name>.data:ipGwAddress</name>
         <load_address>0x2000177e</load_address>
         <run_address>0x2000177e</run_address>
         <size>0x4</size>
         <input_file_ref idref="fl-9"/>
      </object_component>
      <object_component id="oc-1e5">
         <name>.data:ipDnsAddress</name>
         <load_address>0x2000177a</load_address>
         <run_address>0x2000177a</run_address>
         <size>0x4</size>
         <input_file_ref idref="fl-9"/>
      </object_component>
      <object_component id="oc-1e8">
         <name>.data:ipTimeServerAddress</name>
         <load_address>0x20001786</load_address>
         <run_address>0x20001786</run_address>
         <size>0x4</size>
         <input_file_ref idref="fl-9"/>
      </object_component>
      <object_component id="oc-27b">
         <name>.data</name>
         <load_address>0x2000175e</load_address>
         <run_address>0x2000175e</run_address>
         <size>0x2</size>
         <input_file_ref idref="fl-a"/>
      </object_component>
      <object_component id="oc-25b">
         <name>.data</name>
         <load_address>0x20001790</load_address>
         <run_address>0x20001790</run_address>
         <size>0x4</size>
         <input_file_ref idref="fl-d9"/>
      </object_component>
      <object_component id="oc-411">
         <name>.data</name>
         <load_address>0x2000178c</load_address>
         <run_address>0x2000178c</run_address>
         <size>0x4</size>
         <input_file_ref idref="fl-f9"/>
      </object_component>
      <object_component id="oc-138">
         <name>.common:pubTopic</name>
         <uninitialized>true</uninitialized>
         <run_address>0x200016f4</run_address>
         <size>0x4</size>
      </object_component>
      <object_component id="oc-139">
         <name>.common:pubData</name>
         <uninitialized>true</uninitialized>
         <run_address>0x200016f0</run_address>
         <size>0x4</size>
      </object_component>
      <object_component id="oc-13a">
         <name>.common:subTopic</name>
         <uninitialized>true</uninitialized>
         <run_address>0x200016fc</run_address>
         <size>0x4</size>
      </object_component>
      <object_component id="oc-13b">
         <name>.common:unsubTopic</name>
         <uninitialized>true</uninitialized>
         <run_address>0x20001704</run_address>
         <size>0x4</size>
      </object_component>
      <object_component id="oc-14f">
         <name>.common:remote_ip</name>
         <uninitialized>true</uninitialized>
         <run_address>0x200016f8</run_address>
         <size>0x4</size>
      </object_component>
      <object_component id="oc-14e">
         <name>.common:local_ip</name>
         <uninitialized>true</uninitialized>
         <run_address>0x200016ec</run_address>
         <size>0x4</size>
      </object_component>
      <object_component id="oc-150">
         <name>.common:datas</name>
         <uninitialized>true</uninitialized>
         <run_address>0x200016e8</run_address>
         <size>0x4</size>
      </object_component>
      <object_component id="oc-227">
         <name>.common:buffer</name>
         <uninitialized>true</uninitialized>
         <run_address>0x20001000</run_address>
         <size>0x5f4</size>
      </object_component>
      <object_component id="oc-10b">
         <name>.common:s</name>
         <uninitialized>true</uninitialized>
         <run_address>0x200016c0</run_address>
         <size>0x1c</size>
      </object_component>
      <object_component id="oc-136">
         <name>.common:strInput</name>
         <uninitialized>true</uninitialized>
         <run_address>0x200015f4</run_address>
         <size>0x54</size>
      </object_component>
      <object_component id="oc-137">
         <name>.common:token</name>
         <uninitialized>true</uninitialized>
         <run_address>0x20001700</run_address>
         <size>0x4</size>
      </object_component>
      <object_component id="oc-78">
         <name>.common:fn</name>
         <uninitialized>true</uninitialized>
         <run_address>0x20001648</run_address>
         <size>0x28</size>
      </object_component>
      <object_component id="oc-74">
         <name>.common:period</name>
         <uninitialized>true</uninitialized>
         <run_address>0x20001670</run_address>
         <size>0x28</size>
      </object_component>
      <object_component id="oc-77">
         <name>.common:ticks</name>
         <uninitialized>true</uninitialized>
         <run_address>0x20001698</run_address>
         <size>0x28</size>
      </object_component>
      <object_component id="oc-79">
         <name>.common:reload</name>
         <uninitialized>true</uninitialized>
         <run_address>0x200016dc</run_address>
         <size>0xc</size>
      </object_component>
      <object_component id="oc-24">
         <name>.stack</name>
         <uninitialized>true</uninitialized>
         <run_address>0x20000000</run_address>
         <size>0x4</size>
         <input_file_ref idref="fl-db"/>
      </object_component>
      <object_component id="oc-4dc">
         <name>.stack</name>
         <uninitialized>true</uninitialized>
         <run_address>0x20000000</run_address>
         <size>0x0</size>
      </object_component>
      <object_component id="oc-cd">
         <name>.debug_info</name>
         <load_address>0x0</load_address>
         <run_address>0x0</run_address>
         <size>0x380</size>
         <input_file_ref idref="fl-1"/>
      </object_component>
      <object_component id="oc-13d">
         <name>.debug_info</name>
         <load_address>0x380</load_address>
         <run_address>0x380</run_address>
         <size>0x4e4</size>
         <input_file_ref idref="fl-1"/>
      </object_component>
      <object_component id="oc-8c">
         <name>.debug_info</name>
         <load_address>0x864</load_address>
         <run_address>0x864</run_address>
         <size>0x26b</size>
         <input_file_ref idref="fl-1"/>
      </object_component>
      <object_component id="oc-1b7">
         <name>.debug_info</name>
         <load_address>0xacf</load_address>
         <run_address>0xacf</run_address>
         <size>0x267</size>
         <input_file_ref idref="fl-1"/>
      </object_component>
      <object_component id="oc-80">
         <name>.debug_info</name>
         <load_address>0xd36</load_address>
         <run_address>0xd36</run_address>
         <size>0x8b</size>
         <input_file_ref idref="fl-1"/>
      </object_component>
      <object_component id="oc-c6">
         <name>.debug_info</name>
         <load_address>0xdc1</load_address>
         <run_address>0xdc1</run_address>
         <size>0x2a4</size>
         <input_file_ref idref="fl-1"/>
      </object_component>
      <object_component id="oc-7b">
         <name>.debug_info</name>
         <load_address>0x1065</load_address>
         <run_address>0x1065</run_address>
         <size>0xbb</size>
         <input_file_ref idref="fl-1"/>
      </object_component>
      <object_component id="oc-1cb">
         <name>.debug_info</name>
         <load_address>0x1120</load_address>
         <run_address>0x1120</run_address>
         <size>0xcc</size>
         <input_file_ref idref="fl-1"/>
      </object_component>
      <object_component id="oc-20b">
         <name>.debug_info</name>
         <load_address>0x11ec</load_address>
         <run_address>0x11ec</run_address>
         <size>0x2c</size>
         <input_file_ref idref="fl-1"/>
      </object_component>
      <object_component id="oc-1d2">
         <name>.debug_info</name>
         <load_address>0x1218</load_address>
         <run_address>0x1218</run_address>
         <size>0xee</size>
         <input_file_ref idref="fl-1"/>
      </object_component>
      <object_component id="oc-1b2">
         <name>.debug_info</name>
         <load_address>0x1306</load_address>
         <run_address>0x1306</run_address>
         <size>0xe1</size>
         <input_file_ref idref="fl-1"/>
      </object_component>
      <object_component id="oc-e0">
         <name>.debug_info</name>
         <load_address>0x13e7</load_address>
         <run_address>0x13e7</run_address>
         <size>0x148</size>
         <input_file_ref idref="fl-2"/>
      </object_component>
      <object_component id="oc-3c">
         <name>.debug_info</name>
         <load_address>0x152f</load_address>
         <run_address>0x152f</run_address>
         <size>0x84</size>
         <input_file_ref idref="fl-2"/>
      </object_component>
      <object_component id="oc-119">
         <name>.debug_info</name>
         <load_address>0x15b3</load_address>
         <run_address>0x15b3</run_address>
         <size>0x230</size>
         <input_file_ref idref="fl-3"/>
      </object_component>
      <object_component id="oc-224">
         <name>.debug_info</name>
         <load_address>0x17e3</load_address>
         <run_address>0x17e3</run_address>
         <size>0x492</size>
         <input_file_ref idref="fl-4"/>
      </object_component>
      <object_component id="oc-21e">
         <name>.debug_info</name>
         <load_address>0x1c75</load_address>
         <run_address>0x1c75</run_address>
         <size>0x159</size>
         <input_file_ref idref="fl-4"/>
      </object_component>
      <object_component id="oc-221">
         <name>.debug_info</name>
         <load_address>0x1dce</load_address>
         <run_address>0x1dce</run_address>
         <size>0x101</size>
         <input_file_ref idref="fl-4"/>
      </object_component>
      <object_component id="oc-10e">
         <name>.debug_info</name>
         <load_address>0x1ecf</load_address>
         <run_address>0x1ecf</run_address>
         <size>0x18b2</size>
         <input_file_ref idref="fl-4"/>
      </object_component>
      <object_component id="oc-1c6">
         <name>.debug_info</name>
         <load_address>0x3781</load_address>
         <run_address>0x3781</run_address>
         <size>0x88</size>
         <input_file_ref idref="fl-4"/>
      </object_component>
      <object_component id="oc-cb">
         <name>.debug_info</name>
         <load_address>0x3809</load_address>
         <run_address>0x3809</run_address>
         <size>0x1376</size>
         <input_file_ref idref="fl-5"/>
      </object_component>
      <object_component id="oc-116">
         <name>.debug_info</name>
         <load_address>0x4b7f</load_address>
         <run_address>0x4b7f</run_address>
         <size>0x332</size>
         <input_file_ref idref="fl-5"/>
      </object_component>
      <object_component id="oc-16a">
         <name>.debug_info</name>
         <load_address>0x4eb1</load_address>
         <run_address>0x4eb1</run_address>
         <size>0x105</size>
         <input_file_ref idref="fl-5"/>
      </object_component>
      <object_component id="oc-109">
         <name>.debug_info</name>
         <load_address>0x4fb6</load_address>
         <run_address>0x4fb6</run_address>
         <size>0x109</size>
         <input_file_ref idref="fl-5"/>
      </object_component>
      <object_component id="oc-113">
         <name>.debug_info</name>
         <load_address>0x50bf</load_address>
         <run_address>0x50bf</run_address>
         <size>0x113</size>
         <input_file_ref idref="fl-5"/>
      </object_component>
      <object_component id="oc-b5">
         <name>.debug_info</name>
         <load_address>0x51d2</load_address>
         <run_address>0x51d2</run_address>
         <size>0x1500</size>
         <input_file_ref idref="fl-5"/>
      </object_component>
      <object_component id="oc-1ad">
         <name>.debug_info</name>
         <load_address>0x66d2</load_address>
         <run_address>0x66d2</run_address>
         <size>0xc5</size>
         <input_file_ref idref="fl-5"/>
      </object_component>
      <object_component id="oc-1bc">
         <name>.debug_info</name>
         <load_address>0x6797</load_address>
         <run_address>0x6797</run_address>
         <size>0xa1</size>
         <input_file_ref idref="fl-5"/>
      </object_component>
      <object_component id="oc-85">
         <name>.debug_info</name>
         <load_address>0x6838</load_address>
         <run_address>0x6838</run_address>
         <size>0x2c</size>
         <input_file_ref idref="fl-5"/>
      </object_component>
      <object_component id="oc-382">
         <name>.debug_info</name>
         <load_address>0x6864</load_address>
         <run_address>0x6864</run_address>
         <size>0xb2</size>
         <input_file_ref idref="fl-5"/>
      </object_component>
      <object_component id="oc-363">
         <name>.debug_info</name>
         <load_address>0x6916</load_address>
         <run_address>0x6916</run_address>
         <size>0xee</size>
         <input_file_ref idref="fl-5"/>
      </object_component>
      <object_component id="oc-38d">
         <name>.debug_info</name>
         <load_address>0x6a04</load_address>
         <run_address>0x6a04</run_address>
         <size>0x9e</size>
         <input_file_ref idref="fl-5"/>
      </object_component>
      <object_component id="oc-1c1">
         <name>.debug_info</name>
         <load_address>0x6aa2</load_address>
         <run_address>0x6aa2</run_address>
         <size>0x35</size>
         <input_file_ref idref="fl-5"/>
      </object_component>
      <object_component id="oc-22a">
         <name>.debug_info</name>
         <load_address>0x6ad7</load_address>
         <run_address>0x6ad7</run_address>
         <size>0x5e</size>
         <input_file_ref idref="fl-5"/>
      </object_component>
      <object_component id="oc-28a">
         <name>.debug_info</name>
         <load_address>0x6b35</load_address>
         <run_address>0x6b35</run_address>
         <size>0x393</size>
         <input_file_ref idref="fl-6"/>
      </object_component>
      <object_component id="oc-15e">
         <name>.debug_info</name>
         <load_address>0x6ec8</load_address>
         <run_address>0x6ec8</run_address>
         <size>0x2b3</size>
         <input_file_ref idref="fl-6"/>
      </object_component>
      <object_component id="oc-d5">
         <name>.debug_info</name>
         <load_address>0x717b</load_address>
         <run_address>0x717b</run_address>
         <size>0x2c</size>
         <input_file_ref idref="fl-6"/>
      </object_component>
      <object_component id="oc-1d9">
         <name>.debug_info</name>
         <load_address>0x71a7</load_address>
         <run_address>0x71a7</run_address>
         <size>0x290</size>
         <input_file_ref idref="fl-7"/>
      </object_component>
      <object_component id="oc-e5">
         <name>.debug_info</name>
         <load_address>0x7437</load_address>
         <run_address>0x7437</run_address>
         <size>0x1116</size>
         <input_file_ref idref="fl-7"/>
      </object_component>
      <object_component id="oc-282">
         <name>.debug_info</name>
         <load_address>0x854d</load_address>
         <run_address>0x854d</run_address>
         <size>0x387</size>
         <input_file_ref idref="fl-8"/>
      </object_component>
      <object_component id="oc-158">
         <name>.debug_info</name>
         <load_address>0x88d4</load_address>
         <run_address>0x88d4</run_address>
         <size>0x2fe</size>
         <input_file_ref idref="fl-8"/>
      </object_component>
      <object_component id="oc-1ec">
         <name>.debug_info</name>
         <load_address>0x8bd2</load_address>
         <run_address>0x8bd2</run_address>
         <size>0x2f9</size>
         <input_file_ref idref="fl-9"/>
      </object_component>
      <object_component id="oc-1dd">
         <name>.debug_info</name>
         <load_address>0x8ecb</load_address>
         <run_address>0x8ecb</run_address>
         <size>0xff</size>
         <input_file_ref idref="fl-9"/>
      </object_component>
      <object_component id="oc-1e0">
         <name>.debug_info</name>
         <load_address>0x8fca</load_address>
         <run_address>0x8fca</run_address>
         <size>0x105</size>
         <input_file_ref idref="fl-9"/>
      </object_component>
      <object_component id="oc-1e3">
         <name>.debug_info</name>
         <load_address>0x90cf</load_address>
         <run_address>0x90cf</run_address>
         <size>0x103</size>
         <input_file_ref idref="fl-9"/>
      </object_component>
      <object_component id="oc-1e6">
         <name>.debug_info</name>
         <load_address>0x91d2</load_address>
         <run_address>0x91d2</run_address>
         <size>0x105</size>
         <input_file_ref idref="fl-9"/>
      </object_component>
      <object_component id="oc-1e9">
         <name>.debug_info</name>
         <load_address>0x92d7</load_address>
         <run_address>0x92d7</run_address>
         <size>0x113</size>
         <input_file_ref idref="fl-9"/>
      </object_component>
      <object_component id="oc-f1">
         <name>.debug_info</name>
         <load_address>0x93ea</load_address>
         <run_address>0x93ea</run_address>
         <size>0xac1</size>
         <input_file_ref idref="fl-9"/>
      </object_component>
      <object_component id="oc-27f">
         <name>.debug_info</name>
         <load_address>0x9eab</load_address>
         <run_address>0x9eab</run_address>
         <size>0x5c5</size>
         <input_file_ref idref="fl-a"/>
      </object_component>
      <object_component id="oc-27c">
         <name>.debug_info</name>
         <load_address>0xa470</load_address>
         <run_address>0xa470</run_address>
         <size>0xff</size>
         <input_file_ref idref="fl-a"/>
      </object_component>
      <object_component id="oc-279">
         <name>.debug_info</name>
         <load_address>0xa56f</load_address>
         <run_address>0xa56f</run_address>
         <size>0xfd</size>
         <input_file_ref idref="fl-a"/>
      </object_component>
      <object_component id="oc-149">
         <name>.debug_info</name>
         <load_address>0xa66c</load_address>
         <run_address>0xa66c</run_address>
         <size>0x2468</size>
         <input_file_ref idref="fl-a"/>
      </object_component>
      <object_component id="oc-218">
         <name>.debug_info</name>
         <load_address>0xcad4</load_address>
         <run_address>0xcad4</run_address>
         <size>0x482</size>
         <input_file_ref idref="fl-b"/>
      </object_component>
      <object_component id="oc-264">
         <name>.debug_info</name>
         <load_address>0xcf56</load_address>
         <run_address>0xcf56</run_address>
         <size>0x48b</size>
         <input_file_ref idref="fl-c"/>
      </object_component>
      <object_component id="oc-145">
         <name>.debug_info</name>
         <load_address>0xd3e1</load_address>
         <run_address>0xd3e1</run_address>
         <size>0xb23</size>
         <input_file_ref idref="fl-c"/>
      </object_component>
      <object_component id="oc-75">
         <name>.debug_info</name>
         <load_address>0xdf04</load_address>
         <run_address>0xdf04</run_address>
         <size>0x355</size>
         <input_file_ref idref="fl-d"/>
      </object_component>
      <object_component id="oc-2e">
         <name>.debug_info</name>
         <load_address>0xe259</load_address>
         <run_address>0xe259</run_address>
         <size>0x4d7</size>
         <input_file_ref idref="fl-d"/>
      </object_component>
      <object_component id="oc-35">
         <name>.debug_info</name>
         <load_address>0xe730</load_address>
         <run_address>0xe730</run_address>
         <size>0x2f2</size>
         <input_file_ref idref="fl-e"/>
      </object_component>
      <object_component id="oc-13">
         <name>.debug_info</name>
         <load_address>0xea22</load_address>
         <run_address>0xea22</run_address>
         <size>0x11b</size>
         <input_file_ref idref="fl-e"/>
      </object_component>
      <object_component id="oc-28">
         <name>.debug_info</name>
         <load_address>0xeb3d</load_address>
         <run_address>0xeb3d</run_address>
         <size>0x297</size>
         <input_file_ref idref="fl-e"/>
      </object_component>
      <object_component id="oc-1db">
         <name>.debug_info</name>
         <load_address>0xedd4</load_address>
         <run_address>0xedd4</run_address>
         <size>0x37b</size>
         <input_file_ref idref="fl-f"/>
      </object_component>
      <object_component id="oc-ee">
         <name>.debug_info</name>
         <load_address>0xf14f</load_address>
         <run_address>0xf14f</run_address>
         <size>0x3f4</size>
         <input_file_ref idref="fl-f"/>
      </object_component>
      <object_component id="oc-28c">
         <name>.debug_info</name>
         <load_address>0xf543</load_address>
         <run_address>0xf543</run_address>
         <size>0x420</size>
         <input_file_ref idref="fl-10"/>
      </object_component>
      <object_component id="oc-164">
         <name>.debug_info</name>
         <load_address>0xf963</load_address>
         <run_address>0xf963</run_address>
         <size>0x642</size>
         <input_file_ref idref="fl-10"/>
      </object_component>
      <object_component id="oc-152">
         <name>.debug_info</name>
         <load_address>0xffa5</load_address>
         <run_address>0xffa5</run_address>
         <size>0x152</size>
         <input_file_ref idref="fl-11"/>
      </object_component>
      <object_component id="oc-200">
         <name>.debug_info</name>
         <load_address>0x100f7</load_address>
         <run_address>0x100f7</run_address>
         <size>0x33a</size>
         <input_file_ref idref="fl-cb"/>
      </object_component>
      <object_component id="oc-f9">
         <name>.debug_info</name>
         <load_address>0x10431</load_address>
         <run_address>0x10431</run_address>
         <size>0x1ee</size>
         <input_file_ref idref="fl-cb"/>
      </object_component>
      <object_component id="oc-1f5">
         <name>.debug_info</name>
         <load_address>0x1061f</load_address>
         <run_address>0x1061f</run_address>
         <size>0x1c3</size>
         <input_file_ref idref="fl-cb"/>
      </object_component>
      <object_component id="oc-1fc">
         <name>.debug_info</name>
         <load_address>0x107e2</load_address>
         <run_address>0x107e2</run_address>
         <size>0x176</size>
         <input_file_ref idref="fl-cb"/>
      </object_component>
      <object_component id="oc-201">
         <name>.debug_info</name>
         <load_address>0x10958</load_address>
         <run_address>0x10958</run_address>
         <size>0x2c</size>
         <input_file_ref idref="fl-cb"/>
      </object_component>
      <object_component id="oc-206">
         <name>.debug_info</name>
         <load_address>0x10984</load_address>
         <run_address>0x10984</run_address>
         <size>0x69</size>
         <input_file_ref idref="fl-cb"/>
      </object_component>
      <object_component id="oc-379">
         <name>.debug_info</name>
         <load_address>0x109ed</load_address>
         <run_address>0x109ed</run_address>
         <size>0x333</size>
         <input_file_ref idref="fl-cc"/>
      </object_component>
      <object_component id="oc-275">
         <name>.debug_info</name>
         <load_address>0x10d20</load_address>
         <run_address>0x10d20</run_address>
         <size>0x1d1</size>
         <input_file_ref idref="fl-cc"/>
      </object_component>
      <object_component id="oc-36e">
         <name>.debug_info</name>
         <load_address>0x10ef1</load_address>
         <run_address>0x10ef1</run_address>
         <size>0x18d</size>
         <input_file_ref idref="fl-cc"/>
      </object_component>
      <object_component id="oc-375">
         <name>.debug_info</name>
         <load_address>0x1107e</load_address>
         <run_address>0x1107e</run_address>
         <size>0x16d</size>
         <input_file_ref idref="fl-cc"/>
      </object_component>
      <object_component id="oc-24e">
         <name>.debug_info</name>
         <load_address>0x111eb</load_address>
         <run_address>0x111eb</run_address>
         <size>0x37a</size>
         <input_file_ref idref="fl-cd"/>
      </object_component>
      <object_component id="oc-128">
         <name>.debug_info</name>
         <load_address>0x11565</load_address>
         <run_address>0x11565</run_address>
         <size>0x17e</size>
         <input_file_ref idref="fl-cd"/>
      </object_component>
      <object_component id="oc-244">
         <name>.debug_info</name>
         <load_address>0x116e3</load_address>
         <run_address>0x116e3</run_address>
         <size>0x171</size>
         <input_file_ref idref="fl-cd"/>
      </object_component>
      <object_component id="oc-23e">
         <name>.debug_info</name>
         <load_address>0x11854</load_address>
         <run_address>0x11854</run_address>
         <size>0x17e</size>
         <input_file_ref idref="fl-cd"/>
      </object_component>
      <object_component id="oc-24b">
         <name>.debug_info</name>
         <load_address>0x119d2</load_address>
         <run_address>0x119d2</run_address>
         <size>0x1de</size>
         <input_file_ref idref="fl-cd"/>
      </object_component>
      <object_component id="oc-44">
         <name>.debug_info</name>
         <load_address>0x11bb0</load_address>
         <run_address>0x11bb0</run_address>
         <size>0x119</size>
         <input_file_ref idref="fl-ce"/>
      </object_component>
      <object_component id="oc-a5">
         <name>.debug_info</name>
         <load_address>0x11cc9</load_address>
         <run_address>0x11cc9</run_address>
         <size>0x2d4</size>
         <input_file_ref idref="fl-cf"/>
      </object_component>
      <object_component id="oc-57">
         <name>.debug_info</name>
         <load_address>0x11f9d</load_address>
         <run_address>0x11f9d</run_address>
         <size>0x1b5</size>
         <input_file_ref idref="fl-cf"/>
      </object_component>
      <object_component id="oc-a0">
         <name>.debug_info</name>
         <load_address>0x12152</load_address>
         <run_address>0x12152</run_address>
         <size>0x46</size>
         <input_file_ref idref="fl-cf"/>
      </object_component>
      <object_component id="oc-4c">
         <name>.debug_info</name>
         <load_address>0x12198</load_address>
         <run_address>0x12198</run_address>
         <size>0x2a8</size>
         <input_file_ref idref="fl-d0"/>
      </object_component>
      <object_component id="oc-1e">
         <name>.debug_info</name>
         <load_address>0x12440</load_address>
         <run_address>0x12440</run_address>
         <size>0x1ea</size>
         <input_file_ref idref="fl-d0"/>
      </object_component>
      <object_component id="oc-47">
         <name>.debug_info</name>
         <load_address>0x1262a</load_address>
         <run_address>0x1262a</run_address>
         <size>0x46</size>
         <input_file_ref idref="fl-d0"/>
      </object_component>
      <object_component id="oc-98">
         <name>.debug_info</name>
         <load_address>0x12670</load_address>
         <run_address>0x12670</run_address>
         <size>0x2c</size>
         <input_file_ref idref="fl-d0"/>
      </object_component>
      <object_component id="oc-96">
         <name>.debug_info</name>
         <load_address>0x1269c</load_address>
         <run_address>0x1269c</run_address>
         <size>0x29e</size>
         <input_file_ref idref="fl-d1"/>
      </object_component>
      <object_component id="oc-19">
         <name>.debug_info</name>
         <load_address>0x1293a</load_address>
         <run_address>0x1293a</run_address>
         <size>0x250</size>
         <input_file_ref idref="fl-d1"/>
      </object_component>
      <object_component id="oc-37">
         <name>.debug_info</name>
         <load_address>0x12b8a</load_address>
         <run_address>0x12b8a</run_address>
         <size>0x60</size>
         <input_file_ref idref="fl-d1"/>
      </object_component>
      <object_component id="oc-ce">
         <name>.debug_info</name>
         <load_address>0x12bea</load_address>
         <run_address>0x12bea</run_address>
         <size>0x46</size>
         <input_file_ref idref="fl-d1"/>
      </object_component>
      <object_component id="oc-91">
         <name>.debug_info</name>
         <load_address>0x12c30</load_address>
         <run_address>0x12c30</run_address>
         <size>0x39</size>
         <input_file_ref idref="fl-d1"/>
      </object_component>
      <object_component id="oc-317">
         <name>.debug_info</name>
         <load_address>0x12c69</load_address>
         <run_address>0x12c69</run_address>
         <size>0xf9</size>
         <input_file_ref idref="fl-d2"/>
      </object_component>
      <object_component id="oc-231">
         <name>.debug_info</name>
         <load_address>0x12d62</load_address>
         <run_address>0x12d62</run_address>
         <size>0x105</size>
         <input_file_ref idref="fl-d2"/>
      </object_component>
      <object_component id="oc-213">
         <name>.debug_info</name>
         <load_address>0x12e67</load_address>
         <run_address>0x12e67</run_address>
         <size>0x2a4</size>
         <input_file_ref idref="fl-d3"/>
      </object_component>
      <object_component id="oc-106">
         <name>.debug_info</name>
         <load_address>0x1310b</load_address>
         <run_address>0x1310b</run_address>
         <size>0x267</size>
         <input_file_ref idref="fl-d3"/>
      </object_component>
      <object_component id="oc-261">
         <name>.debug_info</name>
         <load_address>0x13372</load_address>
         <run_address>0x13372</run_address>
         <size>0x28a</size>
         <input_file_ref idref="fl-d4"/>
      </object_component>
      <object_component id="oc-132">
         <name>.debug_info</name>
         <load_address>0x135fc</load_address>
         <run_address>0x135fc</run_address>
         <size>0x273</size>
         <input_file_ref idref="fl-d4"/>
      </object_component>
      <object_component id="oc-211">
         <name>.debug_info</name>
         <load_address>0x1386f</load_address>
         <run_address>0x1386f</run_address>
         <size>0x2a4</size>
         <input_file_ref idref="fl-d5"/>
      </object_component>
      <object_component id="oc-100">
         <name>.debug_info</name>
         <load_address>0x13b13</load_address>
         <run_address>0x13b13</run_address>
         <size>0x24d</size>
         <input_file_ref idref="fl-d5"/>
      </object_component>
      <object_component id="oc-369">
         <name>.debug_info</name>
         <load_address>0x13d60</load_address>
         <run_address>0x13d60</run_address>
         <size>0x28f</size>
         <input_file_ref idref="fl-d6"/>
      </object_component>
      <object_component id="oc-26a">
         <name>.debug_info</name>
         <load_address>0x13fef</load_address>
         <run_address>0x13fef</run_address>
         <size>0x245</size>
         <input_file_ref idref="fl-d6"/>
      </object_component>
      <object_component id="oc-388">
         <name>.debug_info</name>
         <load_address>0x14234</load_address>
         <run_address>0x14234</run_address>
         <size>0x290</size>
         <input_file_ref idref="fl-d7"/>
      </object_component>
      <object_component id="oc-287">
         <name>.debug_info</name>
         <load_address>0x144c4</load_address>
         <run_address>0x144c4</run_address>
         <size>0x2a4</size>
         <input_file_ref idref="fl-d7"/>
      </object_component>
      <object_component id="oc-36b">
         <name>.debug_info</name>
         <load_address>0x14768</load_address>
         <run_address>0x14768</run_address>
         <size>0x2af</size>
         <input_file_ref idref="fl-d8"/>
      </object_component>
      <object_component id="oc-26e">
         <name>.debug_info</name>
         <load_address>0x14a17</load_address>
         <run_address>0x14a17</run_address>
         <size>0x277</size>
         <input_file_ref idref="fl-d8"/>
      </object_component>
      <object_component id="oc-25f">
         <name>.debug_info</name>
         <load_address>0x14c8e</load_address>
         <run_address>0x14c8e</run_address>
         <size>0x2fe</size>
         <input_file_ref idref="fl-d9"/>
      </object_component>
      <object_component id="oc-25c">
         <name>.debug_info</name>
         <load_address>0x14f8c</load_address>
         <run_address>0x14f8c</run_address>
         <size>0x105</size>
         <input_file_ref idref="fl-d9"/>
      </object_component>
      <object_component id="oc-12c">
         <name>.debug_info</name>
         <load_address>0x15091</load_address>
         <run_address>0x15091</run_address>
         <size>0x1ab</size>
         <input_file_ref idref="fl-d9"/>
      </object_component>
      <object_component id="oc-234">
         <name>.debug_info</name>
         <load_address>0x1523c</load_address>
         <run_address>0x1523c</run_address>
         <size>0x2b6</size>
         <input_file_ref idref="fl-da"/>
      </object_component>
      <object_component id="oc-122">
         <name>.debug_info</name>
         <load_address>0x154f2</load_address>
         <run_address>0x154f2</run_address>
         <size>0x154</size>
         <input_file_ref idref="fl-da"/>
      </object_component>
      <object_component id="oc-25">
         <name>.debug_info</name>
         <load_address>0x15646</load_address>
         <run_address>0x15646</run_address>
         <size>0x10b</size>
         <input_file_ref idref="fl-db"/>
      </object_component>
      <object_component id="oc-61">
         <name>.debug_info</name>
         <load_address>0x15751</load_address>
         <run_address>0x15751</run_address>
         <size>0x1a9</size>
         <input_file_ref idref="fl-db"/>
      </object_component>
      <object_component id="oc-2fb">
         <name>.debug_info</name>
         <load_address>0x158fa</load_address>
         <run_address>0x158fa</run_address>
         <size>0x590</size>
         <input_file_ref idref="fl-dc"/>
      </object_component>
      <object_component id="oc-2c9">
         <name>.debug_info</name>
         <load_address>0x15e8a</load_address>
         <run_address>0x15e8a</run_address>
         <size>0x21e</size>
         <input_file_ref idref="fl-dc"/>
      </object_component>
      <object_component id="oc-3e4">
         <name>.debug_info</name>
         <load_address>0x160a8</load_address>
         <run_address>0x160a8</run_address>
         <size>0x1b3</size>
         <input_file_ref idref="fl-dc"/>
      </object_component>
      <object_component id="oc-3ea">
         <name>.debug_info</name>
         <load_address>0x1625b</load_address>
         <run_address>0x1625b</run_address>
         <size>0x21b</size>
         <input_file_ref idref="fl-dc"/>
      </object_component>
      <object_component id="oc-2d1">
         <name>.debug_info</name>
         <load_address>0x16476</load_address>
         <run_address>0x16476</run_address>
         <size>0x3c0</size>
         <input_file_ref idref="fl-dc"/>
      </object_component>
      <object_component id="oc-3ee">
         <name>.debug_info</name>
         <load_address>0x16836</load_address>
         <run_address>0x16836</run_address>
         <size>0x30a</size>
         <input_file_ref idref="fl-dc"/>
      </object_component>
      <object_component id="oc-3f4">
         <name>.debug_info</name>
         <load_address>0x16b40</load_address>
         <run_address>0x16b40</run_address>
         <size>0x215</size>
         <input_file_ref idref="fl-dc"/>
      </object_component>
      <object_component id="oc-2d7">
         <name>.debug_info</name>
         <load_address>0x16d55</load_address>
         <run_address>0x16d55</run_address>
         <size>0x215</size>
         <input_file_ref idref="fl-dc"/>
      </object_component>
      <object_component id="oc-2dd">
         <name>.debug_info</name>
         <load_address>0x16f6a</load_address>
         <run_address>0x16f6a</run_address>
         <size>0x304</size>
         <input_file_ref idref="fl-dc"/>
      </object_component>
      <object_component id="oc-2e3">
         <name>.debug_info</name>
         <load_address>0x1726e</load_address>
         <run_address>0x1726e</run_address>
         <size>0x4b5</size>
         <input_file_ref idref="fl-dc"/>
      </object_component>
      <object_component id="oc-1ee">
         <name>.debug_info</name>
         <load_address>0x17723</load_address>
         <run_address>0x17723</run_address>
         <size>0x5f4</size>
         <input_file_ref idref="fl-dc"/>
      </object_component>
      <object_component id="oc-2fc">
         <name>.debug_info</name>
         <load_address>0x17d17</load_address>
         <run_address>0x17d17</run_address>
         <size>0x86</size>
[...]
         <value>0x617</value>
         <object_component_ref idref="oc-148"/>
      </symbol>
      <symbol id="sm-478">
         <name>mqttConnectMessage</name>
         <value>0xb23</value>
         <object_component_ref idref="oc-148"/>
      </symbol>
      <symbol id="sm-479">
         <name>tcpIsMQTTCONNACK</name>
         <value>0x2bb</value>
         <object_component_ref idref="oc-148"/>
      </symbol>
      <symbol id="sm-47a">
         <name>tcpIsMQTTSUBACK</name>
         <value>0x327</value>
         <object_component_ref idref="oc-148"/>
      </symbol>
      <symbol id="sm-47b">
         <name>encodeRemainingLength</name>
         <value>0xaab</value>
         <object_component_ref idref="oc-148"/>
      </symbol>
      <symbol id="sm-47c">
         <name>subCount</name>
         <value>0x2000175e</value>
         <object_component_ref idref="oc-27b"/>
      </symbol>
      <symbol id="sm-47d">
         <name>tcpIsMQTTUNSUBACK</name>
         <value>0x393</value>
         <object_component_ref idref="oc-148"/>
      </symbol>
      <symbol id="sm-47e">
         <name>calculateDataSize</name>
         <value>0x26d</value>
         <object_component_ref idref="oc-148"/>
      </symbol>
      <symbol id="sm-47f">
         <name>extractMQTTPayload</name>
         <value>0x48d</value>
         <object_component_ref idref="oc-148"/>
      </symbol>
      <symbol id="sm-480">
         <name>extractRemainingLength</name>
         <value>0x43d</value>
         <object_component_ref idref="oc-148"/>
      </symbol>
      <symbol id="sm-481">
         <name>encodeVariableLength</name>
         <value>0xa59</value>
         <object_component_ref idref="oc-148"/>
      </symbol>
      <symbol id="sm-482">
         <name>mqttSubscribeMessage</name>
         <value>0x16af</value>
         <object_component_ref idref="oc-148"/>
      </symbol>
      <symbol id="sm-483">
         <name>mqttUnsubscribeMessage</name>
         <value>0x13af</value>
         <object_component_ref idref="oc-148"/>
      </symbol>
      <symbol id="sm-484">
         <name>tcpIsMQTTPUBLISH</name>
         <value>0x58f</value>
         <object_component_ref idref="oc-148"/>
      </symbol>
      <symbol id="sm-485">
         <name>remainingLengthSize</name>
         <value>0x403</value>
         <object_component_ref idref="oc-148"/>
      </symbol>
      <symbol id="sm-486">
         <name>writeString</name>
         <value>0x1053</value>
         <object_component_ref idref="oc-148"/>
      </symbol>
      <symbol id="sm-487">
         <name>mqttPublishMessage</name>
         <value>0x1097</value>
         <object_component_ref idref="oc-148"/>
      </symbol>
      <symbol id="sm-488">
         <name>mqttDisConnectMessage</name>
         <value>0xe2f</value>
         <object_component_ref idref="oc-148"/>
      </symbol>
      <symbol id="sm-4a4">
         <name>setSpi0Mode</name>
         <value>0x6feb</value>
         <object_component_ref idref="oc-217"/>
      </symbol>
      <symbol id="sm-4a5">
         <name>readSpi0Data</name>
         <value>0x7051</value>
         <object_component_ref idref="oc-217"/>
      </symbol>
      <symbol id="sm-4a6">
         <name>writeSpi0Data</name>
         <value>0x7039</value>
         <object_component_ref idref="oc-217"/>
      </symbol>
      <symbol id="sm-4a7">
         <name>initSpi0</name>
         <value>0x6f19</value>
         <object_component_ref idref="oc-217"/>
      </symbol>
      <symbol id="sm-4a8">
         <name>setSpi0BaudRate</name>
         <value>0x6fb5</value>
         <object_component_ref idref="oc-217"/>
      </symbol>
      <symbol id="sm-4d2">
         <name>tcpIsAck</name>
         <value>0x4f65</value>
         <object_component_ref idref="oc-142"/>
      </symbol>
      <symbol id="sm-4d3">
         <name>isTcp</name>
         <value>0x503f</value>
         <object_component_ref idref="oc-142"/>
      </symbol>
      <symbol id="sm-4d4">
         <name>tcpIsFinAck</name>
         <value>0x4fe3</value>
         <object_component_ref idref="oc-142"/>
      </symbol>
      <symbol id="sm-4d5">
         <name>calculateTcpDataSize</name>
         <value>0x4ecd</value>
         <object_component_ref idref="oc-142"/>
      </symbol>
      <symbol id="sm-4d6">
         <name>tcpIsAckSyn</name>
         <value>0x4f0b</value>
         <object_component_ref idref="oc-142"/>
      </symbol>
      <symbol id="sm-4d7">
         <name>sendTcpMessage</name>
         <value>0x525f</value>
         <object_component_ref idref="oc-142"/>
      </symbol>
      <symbol id="sm-4d8">
         <name>getTcpData</name>
         <value>0x5111</value>
         <object_component_ref idref="oc-142"/>
      </symbol>
      <symbol id="sm-4d9">
         <name>getTcpMessageSocket</name>
         <value>0x51ad</value>
         <object_component_ref idref="oc-142"/>
      </symbol>
      <symbol id="sm-51a">
         <name>fn</name>
         <value>0x20001648</value>
      </symbol>
      <symbol id="sm-51b">
         <name>period</name>
         <value>0x20001670</value>
      </symbol>
      <symbol id="sm-51c">
         <name>ticks</name>
         <value>0x20001698</value>
      </symbol>
      <symbol id="sm-51d">
         <name>reload</name>
         <value>0x200016dc</value>
      </symbol>
      <symbol id="sm-51e">
         <name>initTimer</name>
         <value>0x6119</value>
         <object_component_ref idref="oc-2d"/>
      </symbol>
      <symbol id="sm-51f">
         <name>stopTimer</name>
         <value>0x62c5</value>
         <object_component_ref idref="oc-2d"/>
      </symbol>
      <symbol id="sm-520">
         <name>startOneshotTimer</name>
         <value>0x61b9</value>
         <object_component_ref idref="oc-2d"/>
      </symbol>
      <symbol id="sm-521">
         <name>restartTimer</name>
         <value>0x632b</value>
         <object_component_ref idref="oc-2d"/>
      </symbol>
      <symbol id="sm-522">
         <name>random32</name>
         <value>0x6413</value>
         <object_component_ref idref="oc-2d"/>
      </symbol>
      <symbol id="sm-523">
         <name>tickIsr</name>
         <value>0x6399</value>
         <object_component_ref idref="oc-2d"/>
      </symbol>
      <symbol id="sm-524">
         <name>startPeriodicTimer</name>
         <value>0x623f</value>
         <object_component_ref idref="oc-2d"/>
      </symbol>
      <symbol id="sm-540">
         <name>ResetISR</name>
         <value>0x895f</value>
         <object_component_ref idref="oc-27"/>
      </symbol>
      <symbol id="sm-541">
         <name>g_pfnVectors</name>
         <value>0x0</value>
         <object_component_ref idref="oc-12"/>
      </symbol>
      <symbol id="sm-564">
         <name>getcUart0</name>
         <value>0x78e3</value>
         <object_component_ref idref="oc-ea"/>
      </symbol>
      <symbol id="sm-565">
         <name>kbhitUart0</name>
         <value>0x78f7</value>
         <object_component_ref idref="oc-ea"/>
      </symbol>
      <symbol id="sm-566">
         <name>setUart0BaudRate</name>
         <value>0x7857</value>
         <object_component_ref idref="oc-ea"/>
      </symbol>
      <symbol id="sm-567">
         <name>putsUart0</name>
         <value>0x78b7</value>
         <object_component_ref idref="oc-ea"/>
      </symbol>
      <symbol id="sm-568">
         <name>initUart0</name>
         <value>0x780d</value>
         <object_component_ref idref="oc-ea"/>
      </symbol>
      <symbol id="sm-569">
         <name>putcUart0</name>
         <value>0x789b</value>
         <object_component_ref idref="oc-ea"/>
      </symbol>
      <symbol id="sm-588">
         <name>sendUdpMessage</name>
         <value>0x5f1f</value>
         <object_component_ref idref="oc-163"/>
      </symbol>
      <symbol id="sm-589">
         <name>getUdpData</name>
         <value>0x5e49</value>
         <object_component_ref idref="oc-163"/>
      </symbol>
      <symbol id="sm-58a">
         <name>getUdpMessageSocket</name>
         <value>0x5e75</value>
         <object_component_ref idref="oc-163"/>
      </symbol>
      <symbol id="sm-58b">
         <name>isUdp</name>
         <value>0x5da1</value>
         <object_component_ref idref="oc-163"/>
      </symbol>
      <symbol id="sm-599">
         <name>waitMicrosecond</name>
         <value>0x87d1</value>
         <object_component_ref idref="oc-151"/>
      </symbol>
      <symbol id="sm-5c8">
         <name>snprintf</name>
         <value>0x84bd</value>
         <object_component_ref idref="oc-f6"/>
      </symbol>
      <symbol id="sm-5ea">
         <name>sprintf</name>
         <value>0x8595</value>
         <object_component_ref idref="oc-272"/>
      </symbol>
      <symbol id="sm-621">
         <name>sscanf</name>
         <value>0x8655</value>
         <object_component_ref idref="oc-124"/>
      </symbol>
      <symbol id="sm-63c">
         <name>memcpy</name>
         <value>0x7e27</value>
         <object_component_ref idref="oc-41"/>
      </symbol>
      <symbol id="sm-63d">
         <name>__aeabi_memcpy</name>
         <value>0x7e27</value>
         <object_component_ref idref="oc-41"/>
      </symbol>
      <symbol id="sm-63e">
         <name>__aeabi_memcpy8</name>
         <value>0x7e27</value>
         <object_component_ref idref="oc-41"/>
      </symbol>
      <symbol id="sm-63f">
         <name>__aeabi_memcpy4</name>
         <value>0x7e27</value>
         <object_component_ref idref="oc-41"/>
      </symbol>
      <symbol id="sm-651">
         <name>__TI_zero_init</name>
         <value>0x8953</value>
         <object_component_ref idref="oc-53"/>
      </symbol>
      <symbol id="sm-668">
         <name>__TI_decompress_none</name>
         <value>0x8945</value>
         <object_component_ref idref="oc-1b"/>
      </symbol>
      <symbol id="sm-68b">
         <name>__TI_decompress_lzss</name>
         <value>0x82a9</value>
         <object_component_ref idref="oc-15"/>
      </symbol>
      <symbol id="sm-696">
         <name>_ctypes_</name>
         <value>0x8990</value>
         <object_component_ref idref="oc-230"/>
      </symbol>
      <symbol id="sm-6a6">
         <name>strcat</name>
         <value>0x87f5</value>
         <object_component_ref idref="oc-102"/>
      </symbol>
      <symbol id="sm-6b5">
         <name>strcmp</name>
         <value>0x8891</value>
         <object_component_ref idref="oc-130"/>
      </symbol>
      <symbol id="sm-6c3">
         <name>strcpy</name>
         <value>0x88d7</value>
         <object_component_ref idref="oc-fc"/>
      </symbol>
      <symbol id="sm-6d1">
         <name>strlen</name>
         <value>0x88eb</value>
         <object_component_ref idref="oc-266"/>
      </symbol>
      <symbol id="sm-6e1">
         <name>strncmp</name>
         <value>0x8757</value>
         <object_component_ref idref="oc-283"/>
      </symbol>
      <symbol id="sm-6f1">
         <name>strncpy</name>
         <value>0x868d</value>
         <object_component_ref idref="oc-26c"/>
      </symbol>
      <symbol id="sm-709">
         <name>strtok</name>
         <value>0x85d5</value>
         <object_component_ref idref="oc-12a"/>
      </symbol>
      <symbol id="sm-718">
         <name>tolower</name>
         <value>0x8935</value>
         <object_component_ref idref="oc-11e"/>
      </symbol>
      <symbol id="sm-72b">
         <name>__stack</name>
         <value>0x20000000</value>
         <object_component_ref idref="oc-24"/>
      </symbol>
      <symbol id="sm-72c">
         <name>_c_int00_noargs</name>
         <value>0x86c5</value>
         <object_component_ref idref="oc-5f"/>
      </symbol>
      <symbol id="sm-891">
         <name>__TI_printfi</name>
         <value>0x3561</value>
         <object_component_ref idref="oc-1ed"/>
      </symbol>
      <symbol id="sm-947">
         <name>__TI_scanfi</name>
         <value>0x2a4d</value>
         <object_component_ref idref="oc-235"/>
      </symbol>
      <symbol id="sm-95e">
         <name>__aeabi_dsub</name>
         <value>0x6d61</value>
         <object_component_ref idref="oc-3db"/>
      </symbol>
      <symbol id="sm-95f">
         <name>__aeabi_dadd</name>
         <value>0x6d6b</value>
         <object_component_ref idref="oc-3db"/>
      </symbol>
      <symbol id="sm-981">
         <name>__aeabi_cdcmpeq</name>
         <value>0x7f59</value>
         <object_component_ref idref="oc-2cb"/>
      </symbol>
      <symbol id="sm-982">
         <name>__aeabi_cdcmple</name>
         <value>0x7f59</value>
         <object_component_ref idref="oc-2cb"/>
      </symbol>
      <symbol id="sm-983">
         <name>__aeabi_cdrcmple</name>
         <value>0x7fdf</value>
         <object_component_ref idref="oc-3c6"/>
      </symbol>
      <symbol id="sm-997">
         <name>__aeabi_ddiv</name>
         <value>0x75a5</value>
         <object_component_ref idref="oc-3c1"/>
      </symbol>
      <symbol id="sm-9a2">
         <name>__aeabi_dmul</name>
         <value>0x7c79</value>
         <object_component_ref idref="oc-3bc"/>
      </symbol>
      <symbol id="sm-9ac">
         <name>__aeabi_d2iz</name>
         <value>0x8509</value>
         <object_component_ref idref="oc-3cb"/>
      </symbol>
      <symbol id="sm-9b8">
         <name>__aeabi_d2f</name>
         <value>0x81d1</value>
         <object_component_ref idref="oc-32c"/>
      </symbol>
      <symbol id="sm-9c2">
         <name>__aeabi_i2d</name>
         <value>0x8729</value>
         <object_component_ref idref="oc-3d6"/>
      </symbol>
      <symbol id="sm-9d1">
         <name>__aeabi_memset</name>
         <value>0x80eb</value>
         <object_component_ref idref="oc-a6"/>
      </symbol>
      <symbol id="sm-9d2">
         <name>memset</name>
         <value>0x80f1</value>
         <object_component_ref idref="oc-a6"/>
      </symbol>
      <symbol id="sm-9d3">
         <name>__aeabi_memset8</name>
         <value>0x80eb</value>
         <object_component_ref idref="oc-a6"/>
      </symbol>
      <symbol id="sm-9d4">
         <name>__aeabi_memset4</name>
         <value>0x80eb</value>
         <object_component_ref idref="oc-a6"/>
      </symbol>
      <symbol id="sm-9d5">
         <name>__aeabi_memclr8</name>
         <value>0x80e9</value>
         <object_component_ref idref="oc-a6"/>
      </symbol>
      <symbol id="sm-9d6">
         <name>__aeabi_memclr4</name>
         <value>0x80e9</value>
         <object_component_ref idref="oc-a6"/>
      </symbol>
      <symbol id="sm-9d7">
         <name>__aeabi_memclr</name>
         <value>0x80e9</value>
         <object_component_ref idref="oc-a6"/>
      </symbol>
      <symbol id="sm-9e4">
         <name>__aeabi_uldivmod</name>
         <value>0x7ec3</value>
         <object_component_ref idref="oc-3b5"/>
      </symbol>
      <symbol id="sm-a0c">
         <name>__TI_auto_init_nobinit_nopinit</name>
         <value>0x8551</value>
         <object_component_ref idref="oc-179"/>
      </symbol>
      <symbol id="sm-a16">
         <name>_system_pre_init</name>
         <value>0x8985</value>
         <object_component_ref idref="oc-ac"/>
      </symbol>
      <symbol id="sm-a22">
         <name>C$$EXIT</name>
         <value>0x8989</value>
         <object_component_ref idref="oc-16d"/>
      </symbol>
      <symbol id="sm-a23">
         <name>abort</name>
         <value>0x8989</value>
         <object_component_ref idref="oc-16d"/>
      </symbol>
      <symbol id="sm-a33">
         <name>__TI_ltoa</name>
         <value>0x83cb</value>
         <object_component_ref idref="oc-3d0"/>
      </symbol>
      <symbol id="sm-a4a">
         <name>atoi</name>
         <value>0x8471</value>
         <object_component_ref idref="oc-2bf"/>
      </symbol>
      <symbol id="sm-a5a">
         <name>memccpy</name>
         <value>0x8813</value>
         <object_component_ref idref="oc-2e8"/>
      </symbol>
      <symbol id="sm-a6a">
         <name>strchr</name>
         <value>0x88c1</value>
         <object_component_ref idref="oc-343"/>
      </symbol>
      <symbol id="sm-a7b">
         <name>strcspn</name>
         <value>0x87ad</value>
         <object_component_ref idref="oc-255"/>
      </symbol>
      <symbol id="sm-a8a">
         <name>strrchr</name>
         <value>0x88a9</value>
         <object_component_ref idref="oc-33d"/>
      </symbol>
      <symbol id="sm-a9c">
         <name>strspn</name>
         <value>0x8783</value>
         <object_component_ref idref="oc-24f"/>
      </symbol>
      <symbol id="sm-afc">
         <name>strtold</name>
         <value>0x5941</value>
         <object_component_ref idref="oc-326"/>
      </symbol>
      <symbol id="sm-afd">
         <name>strtod</name>
         <value>0x5941</value>
         <object_component_ref idref="oc-326"/>
      </symbol>
      <symbol id="sm-b21">
         <name>strtol</name>
         <value>0x76dd</value>
         <object_component_ref idref="oc-331"/>
      </symbol>
      <symbol id="sm-b47">
         <name>strtoll</name>
         <value>0x69b5</value>
         <object_component_ref idref="oc-337"/>
      </symbol>
      <symbol id="sm-b67">
         <name>strtoul</name>
         <value>0x7b69</value>
         <object_component_ref idref="oc-320"/>
      </symbol>
      <symbol id="sm-b8a">
         <name>strtoull</name>
         <value>0x7079</value>
         <object_component_ref idref="oc-31a"/>
      </symbol>
      <symbol id="sm-ba0">
         <name>__aeabi_errno_addr</name>
         <value>0x8975</value>
         <object_component_ref idref="oc-2f4"/>
      </symbol>
      <symbol id="sm-ba1">
         <name>errno</name>
         <value>0x2000178c</value>
         <object_component_ref idref="oc-411"/>
      </symbol>
      <symbol id="sm-bc1">
         <name>frexpl</name>
         <value>0x8311</value>
         <object_component_ref idref="oc-3fb"/>
      </symbol>
      <symbol id="sm-bc2">
         <name>frexp</name>
         <value>0x8311</value>
         <object_component_ref idref="oc-3fb"/>
      </symbol>
      <symbol id="sm-bdf">
         <name>scalbn</name>
         <value>0x7a59</value>
         <object_component_ref idref="oc-401"/>
      </symbol>
      <symbol id="sm-be0">
         <name>scalbnl</name>
         <value>0x7a59</value>
         <object_component_ref idref="oc-401"/>
      </symbol>
      <symbol id="sm-be1">
         <name>ldexpl</name>
         <value>0x7a59</value>
         <object_component_ref idref="oc-401"/>
      </symbol>
      <symbol id="sm-be2">
         <name>ldexp</name>
         <value>0x7a59</value>
         <object_component_ref idref="oc-401"/>
      </symbol>
      <symbol id="sm-bec">
         <name>copysign</name>
         <value>0x882f</value>
         <object_component_ref idref="oc-476"/>
      </symbol>
      <symbol id="sm-bed">
         <name>copysignl</name>
         <value>0x882f</value>
         <object_component_ref idref="oc-476"/>
      </symbol>
      <symbol id="sm-c06">
         <name>wcslen</name>
         <value>0x8911</value>
         <object_component_ref idref="oc-2ee"/>
      </symbol>
      <symbol id="sm-c10">
         <name>__aeabi_idiv0</name>
         <value>0x19df</value>
         <object_component_ref idref="oc-45d"/>
      </symbol>
      <symbol id="sm-c11">
         <name>__aeabi_ldiv0</name>
         <value>0x19df</value>
         <object_component_ref idref="oc-45d"/>
      </symbol>
      <symbol id="sm-c1a">
         <name>__aeabi_lmul</name>
         <value>0x8879</value>
         <object_component_ref idref="oc-424"/>
      </symbol>
      <symbol id="sm-c1b">
         <name>__TI_static_base__</name>
         <value>0x0</value>
      </symbol>
      <symbol id="sm-c1e">
         <name>__mpu_init</name>
         <value>0x0</value>
      </symbol>
      <symbol id="sm-c1f">
         <name>_system_post_cinit</name>
         <value>0x0</value>
      </symbol>
   </symbol_table>
   <title>Link successful</title>
</link_info>
